Microchip MPLAB XC8 Compiler V2.41

Linker command line:

-W-3 \
  --edf=C:/Program Files/Microchip/MPLABX/v6.15/packs/Microchip/PIC18Fxxxx_DFP/1.4.151/xc8\pic\dat\20230323171731_en.msgs \
  -cn -h+dist/default/production\Project_One.production.sym \
  --cmf=dist/default/production\Project_One.production.cmf -z -w9 \
  --disl=596:off --norlf -Q18F4620 \
  -oC:\Users\DELL\AppData\Local\Temp\xcAs7ok.\driver_tmp_3.o \
  --defsym=__MPLAB_BUILD=1 \
  -Mdist/default/production/Project_One.production.map \
  --md=C:\Users\DELL\AppData\Local\Temp\xcAs7ok.\driver_tmp_0.dat -E1 \
  -ver=XC8 Compiler --acfsm=1493 -ACODE=00h-0FFFFh -ACONST=00h-0FFFFh \
  -ASMALLCONST=01000h-010FFhx240 -AMEDIUMCONST=01000h-0FFFFh \
  -ACOMRAM=01h-07Fh -AABS1=00h-0F7Fh -ABIGRAM=01h-0F7Fh \
  -ARAM=080h-0FFh,0100h-01FFhx14,0F00h-0F7Fh -ABANK0=080h-0FFh \
  -ABANK1=0100h-01FFh -ABANK2=0200h-02FFh -ABANK3=0300h-03FFh \
  -ABANK4=0400h-04FFh -ABANK5=0500h-05FFh -ABANK6=0600h-06FFh \
  -ABANK7=0700h-07FFh -ABANK8=0800h-08FFh -ABANK9=0900h-09FFh \
  -ABANK10=0A00h-0AFFh -ABANK11=0B00h-0BFFh -ABANK12=0C00h-0CFFh \
  -ABANK13=0D00h-0DFFh -ABANK14=0E00h-0EFFh -ABANK15=0F00h-0F7Fh \
  -ASFR=0F80h-0FFFh -ABIGSFR=0F80h-0FFFh -ACONFIG=0300000h-030000Dh \
  -AIDLOC=0200000h-0200007h -AEEDATA=0F00000h-0F003FFh -peeprom_data=EEDATA \
  -preset_vec=00h,intcode,intcodelo,powerup,init -pramtop=01000h \
  -psmallconst=SMALLCONST -pmediumconst=MEDIUMCONST -pconst=CONST \
  -AFARRAM=00h-00h \
  -prdata=COMRAM,nvrram=COMRAM,nvbit=COMRAM,rbss=COMRAM,rbit=COMRAM \
  -pfarbss=FARRAM,fardata=FARRAM,nvFARRAM=FARRAM \
  -pintsave_regs=BIGRAM,bigbss=BIGRAM,bigdata=BIGRAM -pbss=RAM \
  -pidata=CODE,irdata=CODE,ibigdata=CODE,ifardata=CODE \
  C:\Users\DELL\AppData\Local\Temp\xcAs7ok.\driver_tmp_9.o \
  dist/default/production\Project_One.production.o 

Object code version is 3.11

Machine type is 18F4620



                Name                               Link     Load   Length Selector   Space Scale
C:\Users\DELL\AppData\Local\Temp\xcAs7ok.\driver_tmp_9.o
                config                           300000   300000        E        0       4
                init                                  6        6        4        0       0
dist/default/production\Project_One.production.o
                intcode                               0        0        6        0       0
                config                           300000   300000        E        0       4
                temp                                 7F       7F        1        1       1
                smallconst                         1000     1000        8      800       0
                text16                             154A     154A        4      804       0
                text15                             1534     1534        6      804       0
                text14                             144A     144A       2E      804       0
                text13                             1546     1546        4      804       0
                text12                             1542     1542        4      804       0
                text11                             153E     153E        4      804       0
                text10                             153A     153A        4      804       0
                text9                              14EE     14EE       1A      804       0
                text8                              14D4     14D4       1A      804       0
                text7                              14BA     14BA       1A      804       0
                text6                              14A0     14A0       1A      804       0
                text5                              1520     1520        C      804       0
                text4                              1514     1514        C      804       0
                text3                              152C     152C        8      804       0
                text2                              1508     1508        C      804       0
                intcode_body                       1008     1008      376      804       0
                text0                              13D4     13D4       3C      804       0
                cstackCOMRAM                         7C       7C        3        1       1
                cstackBANK0                          BA       BA        2       80       1
                dataBANK0                            80       80       3A       80       1
                dataCOMRAM                           54       54       28        1       1
                bssCOMRAM                             1        1       53        1       1
                cinit                              137E     137E       56      804       0
                idataBANK0                         1410     1410       3A      804       0
                idataCOMRAM                        1478     1478       28      804       0

TOTAL           Name                               Link     Load   Length     Space
        CLASS   CODE           
                intcode                               0        0        6         0
                init                                  6        6        4         0
                text16                             154A     154A        4         0
                text15                             1534     1534        6         0
                text14                             144A     144A       2E         0
                text13                             1546     1546        4         0
                text12                             1542     1542        4         0
                text11                             153E     153E        4         0
                text10                             153A     153A        4         0
                text9                              14EE     14EE       1A         0
                text8                              14D4     14D4       1A         0
                text7                              14BA     14BA       1A         0
                text6                              14A0     14A0       1A         0
                text5                              1520     1520        C         0
                text4                              1514     1514        C         0
                text3                              152C     152C        8         0
                text2                              1508     1508        C         0
                intcode_body                       1008     1008      376         0
                text0                              13D4     13D4       3C         0
                cinit                              137E     137E       56         0
                idataBANK0                         1410     1410       3A         0
                idataCOMRAM                        1478     1478       28         0

        CLASS   CONST          

        CLASS   SMALLCONST     
                smallconst                         1000     1000        8         0

        CLASS   MEDIUMCONST    

        CLASS   COMRAM         
                temp                                 7F       7F        1         1
                cstackCOMRAM                         7C       7C        3         1
                dataCOMRAM                           54       54       28         1
                bssCOMRAM                             1        1       53         1

        CLASS   ABS1           

        CLASS   BIGRAM         

        CLASS   RAM            

        CLASS   BANK0          
                cstackBANK0                          BA       BA        2         1
                dataBANK0                            80       80       3A         1

        CLASS   BANK1          

        CLASS   BANK2          

        CLASS   BANK3          

        CLASS   BANK4          

        CLASS   BANK5          

        CLASS   BANK6          

        CLASS   BANK7          

        CLASS   BANK8          

        CLASS   BANK9          

        CLASS   BANK10         

        CLASS   BANK11         

        CLASS   BANK12         

        CLASS   BANK13         

        CLASS   BANK14         

        CLASS   BANK15         

        CLASS   SFR            

        CLASS   BIGSFR         

        CLASS   CONFIG         
                config                           300000   300000        E         4

        CLASS   IDLOC          

        CLASS   EEDATA         

        CLASS   FARRAM         

        CLASS   HEAP           

        CLASS   STACK          



SEGMENTS        Name                           Load    Length   Top    Selector   Space  Class

                reset_vec                      000000  00000A  00000A         0       0  CODE    
                bssCOMRAM                      000001  00007F  000080         1       1  COMRAM  
                dataBANK0                      000080  00003C  0000BC        80       1  BANK0   
                smallconst                     001000  000008  001008       800       0  SMALLCON
                intcode_body                   001008  000546  00154E       804       0  CODE    


UNUSED ADDRESS RANGES

        Name                Unused          Largest block    Delta
        BANK0            0000BC-0000FF               44
        BANK1            000100-0001FF              100
        BANK10           000A00-000AFF              100
        BANK11           000B00-000BFF              100
        BANK12           000C00-000CFF              100
        BANK13           000D00-000DFF              100
        BANK14           000E00-000EFF              100
        BANK15           000F00-000F7F               80
        BANK2            000200-0002FF              100
        BANK3            000300-0003FF              100
        BANK4            000400-0004FF              100
        BANK5            000500-0005FF              100
        BANK6            000600-0006FF              100
        BANK7            000700-0007FF              100
        BANK8            000800-0008FF              100
        BANK9            000900-0009FF              100
        BIGRAM           0000BC-000F7F              EC4
        BIGSFR           000F80-000FFF               80
        CODE             00000A-000FFF              FF6
                         00154E-00FFFF             EAB2
        CONST            00000A-000FFF              FF6
                         00154E-00FFFF             EAB2
        EEDATA           F00000-F003FF              400
        IDLOC            200000-200007                8
        MEDIUMCONST      00154E-00FFFF             EAB2
        RAM              0000BC-000F7F              100
        SFR              000F80-000FFF               80
        SMALLCONST       00154E-00FFFF              100

                                  Symbol Table

_CCP_CAPTURE_Init                                         
_Interrupt_Manager                     intcode      000000
__HRAM                                 (abs)        000000
__H__absolute__                        __absolute__ 000000
__Habs1                                abs1         000000
__Hbank0                               bank0        000000
__Hbank1                               bank1        000000
__Hbank10                              bank10       000000
__Hbank11                              bank11       000000
__Hbank12                              bank12       000000
__Hbank13                              bank13       000000
__Hbank14                              bank14       000000
__Hbank15                              bank15       000000
__Hbank2                               bank2        000000
__Hbank3                               bank3        000000
__Hbank4                               bank4        000000
__Hbank5                               bank5        000000
__Hbank6                               bank6        000000
__Hbank7                               bank7        000000
__Hbank8                               bank8        000000
__Hbank9                               bank9        000000
__Hbigbss                              bigbss       000000
__Hbigdata                             bigdata      000000
__Hbigram                              bigram       000000
__Hbigsfr                              bigsfr       000000
__Hbss                                 bss          000000
__HbssCOMRAM                           bssCOMRAM    000000
__Hcinit                               cinit        000000
__Hclrtext                             clrtext      000000
__Hcomram                              comram       000000
__Hconst                               const        000000
__HcstackBANK0                         cstackBANK0  000000
__HcstackCOMRAM                        cstackCOMRAM 000000
__Hdata                                data         000000
__HdataBANK0                           dataBANK0    000000
__HdataCOMRAM                          dataCOMRAM   000000
__Heeprom_data                         eeprom_data  000000
__Hfarbss                              farbss       000000
__Hfardata                             fardata      000000
__Hheap                                heap         000000
__Hibigdata                            ibigdata     000000
__Hidata                               idata        000000
__HidataBANK0                          idataBANK0   000000
__HidataCOMRAM                         idataCOMRAM  000000
__Hidloc                               idloc        000000
__Hifardata                            ifardata     000000
__Hintcode_body                        intcode_body 000000
__Hintentry                            intentry     000000
__Hintret                              intret       000000
__Hintsave_regs                        intsave_regs 000000
__Hirdata                              irdata       000000
__Hmediumconst                         mediumconst  000000
__HnvFARRAM                            nvFARRAM     000000
__Hnvbit                               nvbit        000000
__Hnvrram                              nvrram       000000
__Hparam                               rparam       000000
__Hram                                 ram          000000
__Hrbit                                rbit         000000
__Hrbss                                rbss         000000
__Hrdata                               rdata        000000
__Hreset_vec                           reset_vec    000000
__Hrparam                              rparam       000000
__Hsfr                                 sfr          000000
__Hspace_2                             (abs)        000000
__Hstack                               stack        000000
__Hstruct                              struct       000000
__Htext                                text         000000
__Htext0                               text0        000000
__Htext10                              text10       000000
__Htext11                              text11       000000
__Htext12                              text12       000000
__Htext13                              text13       000000
__Htext14                              text14       000000
__Htext15                              text15       000000
__Htext16                              text16       000000
__Htext17                              text17       000000
__Htext2                               text2        000000
__Htext3                               text3        000000
__Htext4                               text4        000000
__Htext5                               text5        000000
__Htext6                               text6        000000
__Htext7                               text7        000000
__Htext8                               text8        000000
__Htext9                               text9        000000
__L__absolute__                        __absolute__ 000000
__Labs1                                abs1         000000
__Lbank0                               bank0        000000
__Lbank1                               bank1        000000
__Lbank10                              bank10       000000
__Lbank11                              bank11       000000
__Lbank12                              bank12       000000
__Lbank13                              bank13       000000
__Lbank14                              bank14       000000
__Lbank15                              bank15       000000
__Lbank2                               bank2        000000
__Lbank3                               bank3        000000
__Lbank4                               bank4        000000
__Lbank5                               bank5        000000
__Lbank6                               bank6        000000
__Lbank7                               bank7        000000
__Lbank8                               bank8        000000
__Lbank9                               bank9        000000
__Lbigbss                              bigbss       000000
__Lbigdata                             bigdata      000000
__Lbigram                              bigram       000000
__Lbigsfr                              bigsfr       000000
__Lbss                                 bss          000000
__LbssCOMRAM                           bssCOMRAM    000000
__Lcinit                               cinit        000000
__Lclrtext                             clrtext      000000
__Lcomram                              comram       000000
__Lconfig                              config       000000
__Lconst                               const        000000
__LcstackBANK0                         cstackBANK0  000000
__LcstackCOMRAM                        cstackCOMRAM 000000
__Ldata                                data         000000
__LdataBANK0                           dataBANK0    000000
__LdataCOMRAM                          dataCOMRAM   000000
__Leeprom_data                         eeprom_data  000000
__Lfarbss                              farbss       000000
__Lfardata                             fardata      000000
__Lheap                                heap         000000
__Libigdata                            ibigdata     000000
__Lidata                               idata        000000
__LidataBANK0                          idataBANK0   000000
__LidataCOMRAM                         idataCOMRAM  000000
__Lidloc                               idloc        000000
__Lifardata                            ifardata     000000
__Lintcode                             intcode      000000
__Lintcode_body                        intcode_body 000000
__Lintentry                            intentry     000000
__Lintret                              intret       000000
__Lintsave_regs                        intsave_regs 000000
__Lirdata                              irdata       000000
__Lmediumconst                         mediumconst  000000
__LnvFARRAM                            nvFARRAM     000000
__Lnvbit                               nvbit        000000
__Lnvrram                              nvrram       000000
__Lparam                               rparam       000000
__Lram                                 ram          000000
__Lrbit                                rbit         000000
__Lrbss                                rbss         000000
__Lrdata                               rdata        000000
__Lreset_vec                           reset_vec    000000
__Lrparam                              rparam       000000
__Lsfr                                 sfr          000000
__Lspace_0                             (abs)        000000
__Lspace_1                             (abs)        000000
__Lspace_2                             (abs)        000000
__Lspace_4                             (abs)        000000
__Lstack                               stack        000000
__Lstruct                              struct       000000
__Ltext                                text         000000
__Ltext0                               text0        000000
__Ltext10                              text10       000000
__Ltext11                              text11       000000
__Ltext12                              text12       000000
__Ltext13                              text13       000000
__Ltext14                              text14       000000
__Ltext15                              text15       000000
__Ltext16                              text16       000000
__Ltext17                              text17       000000
__Ltext2                               text2        000000
__Ltext3                               text3        000000
__Ltext4                               text4        000000
__Ltext5                               text5        000000
__Ltext6                               text6        000000
__Ltext7                               text7        000000
__Ltext8                               text8        000000
__Ltext9                               text9        000000
__S4                                   (abs)        000000
__S5                                   (abs)        000000
___heap_hi                             (abs)        000000
___heap_lo                             (abs)        000000
___inthi_sp                            stack        000000
___intlo_sp                            stack        000000
___param_bank                          (abs)        000000
___sp                                  stack        000000
__mediumconst                          mediumconst  000000
__pintcode                             intcode      000000
__ptext17                              text17       000000
intlevel0                              text         000000
intlevel1                              text         000000
intlevel2                              text         000000
intlevel3                              text         000000
isa$xinst                              (abs)        000000
stackhi                                (abs)        000000
stacklo                                (abs)        000000
__LRAM                                 (abs)        000001
___rparam_used                         (abs)        000001
__pbssCOMRAM                           bssCOMRAM    000001
_timer3                                bssCOMRAM    000001
isa$std                                (abs)        000001
__activetblptr                         (abs)        000003
__Hintcode                             intcode      000006
__Hintcodelo                           intcodelo    000006
__Hpowerup                             powerup      000006
__Linit                                init         000006
__Lintcodelo                           intcodelo    000006
__Lpowerup                             powerup      000006
start                                  init         000006
__Hinit                                init         00000A
CCP1_Compare_Mode_Set_Value@F3142      bssCOMRAM    00000E
CCP1_Captured_Mode_Read_Value@F3122    bssCOMRAM    000010
_CCP2_Interrupt_Hundeler               bssCOMRAM    000012
_CCP1_Interrupt_Hundeler               bssCOMRAM    000014
_CCP1_Interrupt_Flag                   bssCOMRAM    000016
_timer3_preload                        bssCOMRAM    000018
_TMR3_Interrupt_Hundeler               bssCOMRAM    00001A
_TMR2_Interrupt_Hundeler               bssCOMRAM    00001C
_timer1_preload                        bssCOMRAM    00001E
_TMR1_Interrupt_Hundeler               bssCOMRAM    000020
_timer0_preload                        bssCOMRAM    000022
_TMR0_Interrupt_Hundeler               bssCOMRAM    000024
_RB7_Interrupt_Handular_LOW            bssCOMRAM    000026
_RB7_Interrupt_Handular_HIGH           bssCOMRAM    000028
_RB6_Interrupt_Handular_LOW            bssCOMRAM    00002A
_RB6_Interrupt_Handular_HIGH           bssCOMRAM    00002C
_RB5_Interrupt_Handular_LOW            bssCOMRAM    00002E
_RB5_Interrupt_Handular_HIGH           bssCOMRAM    000030
_RB4_Interrupt_Handular_LOW            bssCOMRAM    000032
_RB4_Interrupt_Handular_HIGH           bssCOMRAM    000034
_INT2_Interrupt_Handular               bssCOMRAM    000036
_INT1_Interrupt_Handular               bssCOMRAM    000038
_INT0_Interrupt_Handular               bssCOMRAM    00003A
_ADC_Interrupt_Handular                bssCOMRAM    00003C
_timer2_preloaded                      bssCOMRAM    00003E
Relay_Turn_OFF@F3052                   bssCOMRAM    00003F
Relay_Turn_ON@F3047                    bssCOMRAM    000040
Relay_Initialize@F3042                 bssCOMRAM    000041
led_toggle@F3063                       bssCOMRAM    000042
led_turn_off@F3058                     bssCOMRAM    000043
led_turn_on@F3053                      bssCOMRAM    000044
led_initialize@F3048                   bssCOMRAM    000045
_ccp_obj                               bssCOMRAM    000046
__pdataCOMRAM                          dataCOMRAM   000054
_port_registers                        dataCOMRAM   000054
_lat_registers                         dataCOMRAM   00005E
_tris_registers                        dataCOMRAM   000068
_RB7_Flag                              dataCOMRAM   000072
_RB6_Flag                              dataCOMRAM   000073
_RB5_Flag                              dataCOMRAM   000074
_RB4_Flag                              dataCOMRAM   000075
_lcd_1                                 dataCOMRAM   000076
RB4_ISR@source                         cstackCOMRAM 00007C
RB5_ISR@source                         cstackCOMRAM 00007C
RB6_ISR@source                         cstackCOMRAM 00007C
RB7_ISR@source                         cstackCOMRAM 00007C
__pcstackCOMRAM                        cstackCOMRAM 00007C
__Ltemp                                temp         00007F
btemp                                  temp         00007F
int$flags                              temp         00007F
__Htemp                                temp         000080
__accesstop                            (abs)        000080
__pdataBANK0                           dataBANK0    000080
_keypad_btn_values                     dataBANK0    000080
_lcd_2                                 dataBANK0    0000B0
_CCP_CAPTURE_Init$0                    cstackBANK0  0000BA
__pcstackBANK0                         cstackBANK0  0000BA
__Hspace_1                             (abs)        0000BC
__S1                                   (abs)        0000BC
_PORTA                                 (abs)        000F80
_PORTB                                 (abs)        000F81
_PORTBbits                             (abs)        000F81
_PORTC                                 (abs)        000F82
_PORTD                                 (abs)        000F83
_PORTE                                 (abs)        000F84
_LATA                                  (abs)        000F89
_LATB                                  (abs)        000F8A
_LATC                                  (abs)        000F8B
_LATD                                  (abs)        000F8C
_LATE                                  (abs)        000F8D
_TRISA                                 (abs)        000F92
_TRISB                                 (abs)        000F93
_TRISC                                 (abs)        000F94
_TRISD                                 (abs)        000F95
_TRISE                                 (abs)        000F96
_PIE1bits                              (abs)        000F9D
_PIR1bits                              (abs)        000F9E
_PIE2bits                              (abs)        000FA0
_PIR2bits                              (abs)        000FA1
_EECON1bits                            (abs)        000FA6
_EECON2                                (abs)        000FA7
_EEDATA                                (abs)        000FA8
_EEADR                                 (abs)        000FA9
_EEADRH                                (abs)        000FAA
_T3CONbits                             (abs)        000FB1
_TMR3L                                 (abs)        000FB2
_TMR3H                                 (abs)        000FB3
_CCP2CONbits                           (abs)        000FBA
_CCPR2L                                (abs)        000FBB
_CCP1CONbits                           (abs)        000FBD
_CCPR1L                                (abs)        000FBE
_CCPR1H                                (abs)        000FBF
_ADCON2bits                            (abs)        000FC0
_ADCON1bits                            (abs)        000FC1
_ADCON0bits                            (abs)        000FC2
_ADRESL                                (abs)        000FC3
_ADRESH                                (abs)        000FC4
_T2CONbits                             (abs)        000FCA
_PR2                                   (abs)        000FCB
_TMR2                                  (abs)        000FCC
_T1CONbits                             (abs)        000FCD
_TMR1L                                 (abs)        000FCE
_TMR1H                                 (abs)        000FCF
_T0CONbits                             (abs)        000FD5
_TMR0L                                 (abs)        000FD6
_TMR0H                                 (abs)        000FD7
_INTCON3bits                           (abs)        000FF0
_INTCON2bits                           (abs)        000FF1
_INTCONbits                            (abs)        000FF2
__Hramtop                              ramtop       001000
__Lramtop                              ramtop       001000
__Lsmallconst                          smallconst   001000
__psmallconst                          smallconst   001000
__ramtop                               ramtop       001000
__smallconst                           smallconst   001000
__Hsmallconst                          smallconst   001008
__pintcode_body                        intcode_body 001008
__end_of_Interrupt_Manager             intcode_body 00137E
__initialization                       cinit        00137E
__pcinit                               cinit        00137E
__end_of__initialization               cinit        0013CA
__ptext0                               text0        0013D4
_main                                  text0        0013D4
__end_of_main                          text0        001410
__pidataBANK0                          idataBANK0   001410
_CCP1_ISR                              text14       00144A
__ptext14                              text14       00144A
__end_of_CCP1_ISR                      text14       001478
__pidataCOMRAM                         idataCOMRAM  001478
_RB7_ISR                               text6        0014A0
__ptext6                               text6        0014A0
_RB6_ISR                               text7        0014BA
__end_of_RB7_ISR                       text6        0014BA
__ptext7                               text7        0014BA
_RB5_ISR                               text8        0014D4
__end_of_RB6_ISR                       text7        0014D4
__ptext8                               text8        0014D4
_RB4_ISR                               text9        0014EE
__end_of_RB5_ISR                       text8        0014EE
__ptext9                               text9        0014EE
_TIMER3_ISR                            text2        001508
__end_of_RB4_ISR                       text9        001508
__ptext2                               text2        001508
_TIMER1_ISR                            text4        001514
__end_of_TIMER3_ISR                    text2        001514
__ptext4                               text4        001514
_TIMER0_ISR                            text5        001520
__end_of_TIMER1_ISR                    text4        001520
__ptext5                               text5        001520
_TIMER2_ISR                            text3        00152C
__end_of_TIMER0_ISR                    text5        00152C
__ptext3                               text3        00152C
_CCP1_DefualtInterruptHundeler         text15       001534
__end_of_TIMER2_ISR                    text3        001534
__ptext15                              text15       001534
_INT2_ISR                              text10       00153A
__end_of_CCP1_DefualtInterruptHundeler text15       00153A
__ptext10                              text10       00153A
_INT1_ISR                              text11       00153E
__end_of_INT2_ISR                      text10       00153E
__ptext11                              text11       00153E
_INT0_ISR                              text12       001542
__end_of_INT1_ISR                      text11       001542
__ptext12                              text12       001542
_CCP2_ISR                              text13       001546
__end_of_INT0_ISR                      text12       001546
__ptext13                              text13       001546
_ADC_ISR                               text16       00154A
__end_of_CCP2_ISR                      text13       00154A
__ptext16                              text16       00154A
__Hspace_0                             (abs)        00154E
__S0                                   (abs)        00154E
__end_of_ADC_ISR                       text16       00154E
__Hconfig                              config       30000E
__Hspace_4                             (abs)        60000E
end_of_initialization                  cinit        0013CA
int_func                               intcode_body 001008
start_initialization                   cinit        00137E
ttemp5                                 temp         000080
wtemp8                                 temp         000080
ttemp6                                 temp         000083
ttemp7                                 temp         000087
