Microchip MPLAB XC8 Compiler V2.41

Linker command line:

-W-3 \
  --edf=C:/Program Files/Microchip/MPLABX/v6.15/packs/Microchip/PIC18Fxxxx_DFP/1.4.151/xc8\pic\dat\20230323171731_en.msgs \
  -cn -h+dist/default/debug\Project_One.debug.sym \
  --cmf=dist/default/debug\Project_One.debug.cmf -z -Q18F4620 \
  -oC:\Users\DELL\AppData\Local\Temp\xcAs98o.\driver_tmp_3.o \
  --defsym=__MPLAB_BUILD=1 --fixupoverflow=error \
  -Mdist/default/debug/Project_One.debug.map \
  --md=C:\Users\DELL\AppData\Local\Temp\xcAs98o.\driver_tmp_0.dat -E1 \
  -ver=XC8 Compiler --acfsm=1493 -ACODE=00h-0FFFFh -ACONST=00h-0FFFFh \
  -ASMALLCONST=01000h-010FFhx240 -AMEDIUMCONST=01000h-0FFFFh \
  -ACOMRAM=01h-07Fh -AABS1=00h-0F7Fh -ABIGRAM=01h-0F7Fh \
  -ARAM=080h-0FFh,0100h-01FFhx14,0F00h-0F7Fh -ABANK0=080h-0FFh \
  -ABANK1=0100h-01FFh -ABANK2=0200h-02FFh -ABANK3=0300h-03FFh \
  -ABANK4=0400h-04FFh -ABANK5=0500h-05FFh -ABANK6=0600h-06FFh \
  -ABANK7=0700h-07FFh -ABANK8=0800h-08FFh -ABANK9=0900h-09FFh \
  -ABANK10=0A00h-0AFFh -ABANK11=0B00h-0BFFh -ABANK12=0C00h-0CFFh \
  -ABANK13=0D00h-0DFFh -ABANK14=0E00h-0EFFh -ABANK15=0F00h-0F7Fh \
  -ASFR=0F80h-0FFFh -ABIGSFR=0F80h-0FFFh -ACONFIG=0300000h-030000Dh \
  -AIDLOC=0200000h-0200007h -AEEDATA=0F00000h-0F003FFh -peeprom_data=EEDATA \
  -preset_vec=00h,intcode=08h,intcodelo,powerup,init -pramtop=01000h \
  -psmallconst=SMALLCONST -pmediumconst=MEDIUMCONST -pconst=CONST \
  -AFARRAM=00h-00h \
  -prdata=COMRAM,nvrram=COMRAM,nvbit=COMRAM,rbss=COMRAM,rbit=COMRAM \
  -pfarbss=FARRAM,fardata=FARRAM,nvFARRAM=FARRAM \
  -pintsave_regs=BIGRAM,bigbss=BIGRAM,bigdata=BIGRAM -pbss=RAM \
  -pidata=CODE,irdata=CODE,ibigdata=CODE,ifardata=CODE -prparam=COMRAM \
  C:\Users\DELL\AppData\Local\Temp\xcAs98o.\driver_tmp_9.o \
  dist/default/debug\Project_One.debug.o 

Object code version is 3.11

Machine type is 18F4620



                Name                               Link     Load   Length Selector   Space Scale
C:\Users\DELL\AppData\Local\Temp\xcAs98o.\driver_tmp_9.o
                config                           300000   300000        E        0       4
                init                                  E        E        4        4       0
                reset_vec                             0        0        4        0       0
dist/default/debug\Project_One.debug.o
                intcode                               8        8        6        4       0
                config                           300000   300000        E        0       4
                temp                                 73       73        1        1       1
                smallconst                         1000     1000        8      800       0
                text27                             1E3C     1E3C        4      804       0
                text26                             1D54     1D54       2A      804       0
                text25                             1A8E     1A8E       7A      804       0
                text24                             1BE8     1BE8       6A      804       0
                text23                             1D26     1D26       2E      804       0
                text22                             1CF8     1CF8       2E      804       0
                text21                             1E38     1E38        4      804       0
                text20                             1E34     1E34        4      804       0
                text19                             1E30     1E30        4      804       0
                text18                             1DEA     1DEA       1A      804       0
                text17                             1DD0     1DD0       1A      804       0
                text16                             1DB6     1DB6       1A      804       0
                text15                             1D9C     1D9C       1A      804       0
                text14                             1E1C     1E1C        C      804       0
                text13                             1E10     1E10        C      804       0
                text12                             1E28     1E28        8      804       0
                text11                             1E04     1E04        C      804       0
                intcode_body                       1008     1008      386      804       0
                text9                              1A12     1A12       7C      804       0
                text8                              1B7C     1B7C       6C      804       0
                text7                              138E     138E      16C      804       0
                text6                              14FA     14FA      14A      804       0
                text5                              1644     1644      142      804       0
                text4                              1B08     1B08       74      804       0
                text3                              1786     1786       D2      804       0
                text2                              1994     1994       7E      804       0
                text1                              1858     1858       BE      804       0
                text0                              1916     1916       7E      804       0
                cstackCOMRAM                         61       61       12        1       1
                cstackBANK0                          DA       DA        C       80       1
                dataBANK0                            80       80       44       80       1
                bssBANK0                             C4       C4       16       80       1
                dataCOMRAM                           43       43       1E        1       1
                bssCOMRAM                             1        1       42        1       1
                cinit                              1C52     1C52       62      804       0
                idataBANK0                         1CB4     1CB4       44      804       0
                idataCOMRAM                        1D7E     1D7E       1E      804       0

TOTAL           Name                               Link     Load   Length     Space
        CLASS   CODE           
                intcode                               8        8        6         0
                init                                  E        E        4         0
                reset_vec                             0        0        4         0
                text27                             1E3C     1E3C        4         0
                text26                             1D54     1D54       2A         0
                text25                             1A8E     1A8E       7A         0
                text24                             1BE8     1BE8       6A         0
                text23                             1D26     1D26       2E         0
                text22                             1CF8     1CF8       2E         0
                text21                             1E38     1E38        4         0
                text20                             1E34     1E34        4         0
                text19                             1E30     1E30        4         0
                text18                             1DEA     1DEA       1A         0
                text17                             1DD0     1DD0       1A         0
                text16                             1DB6     1DB6       1A         0
                text15                             1D9C     1D9C       1A         0
                text14                             1E1C     1E1C        C         0
                text13                             1E10     1E10        C         0
                text12                             1E28     1E28        8         0
                text11                             1E04     1E04        C         0
                intcode_body                       1008     1008      386         0
                text9                              1A12     1A12       7C         0
                text8                              1B7C     1B7C       6C         0
                text7                              138E     138E      16C         0
                text6                              14FA     14FA      14A         0
                text5                              1644     1644      142         0
                text4                              1B08     1B08       74         0
                text3                              1786     1786       D2         0
                text2                              1994     1994       7E         0
                text1                              1858     1858       BE         0
                text0                              1916     1916       7E         0
                cinit                              1C52     1C52       62         0
                idataBANK0                         1CB4     1CB4       44         0
                idataCOMRAM                        1D7E     1D7E       1E         0

        CLASS   CONST          

        CLASS   SMALLCONST     
                smallconst                         1000     1000        8         0

        CLASS   MEDIUMCONST    

        CLASS   COMRAM         
                temp                                 73       73        1         1
                cstackCOMRAM                         61       61       12         1
                dataCOMRAM                           43       43       1E         1
                bssCOMRAM                             1        1       42         1

        CLASS   ABS1           

        CLASS   BIGRAM         

        CLASS   RAM            

        CLASS   BANK0          
                cstackBANK0                          DA       DA        C         1
                dataBANK0                            80       80       44         1
                bssBANK0                             C4       C4       16         1

        CLASS   BANK1          

        CLASS   BANK2          

        CLASS   BANK3          

        CLASS   BANK4          

        CLASS   BANK5          

        CLASS   BANK6          

        CLASS   BANK7          

        CLASS   BANK8          

        CLASS   BANK9          

        CLASS   BANK10         

        CLASS   BANK11         

        CLASS   BANK12         

        CLASS   BANK13         

        CLASS   BANK14         

        CLASS   BANK15         

        CLASS   SFR            

        CLASS   BIGSFR         

        CLASS   CONFIG         
                config                           300000   300000        E         4

        CLASS   IDLOC          

        CLASS   EEDATA         

        CLASS   FARRAM         

        CLASS   HEAP           

        CLASS   STACK          



SEGMENTS        Name                           Load    Length   Top    Selector   Space  Class

                reset_vec                      000000  000004  000004         0       0  CODE    
                bssCOMRAM                      000001  000073  000074         1       1  COMRAM  
                intcode                        000008  00000A  000012         4       0  CODE    
                dataBANK0                      000080  000066  0000E6        80       1  BANK0   
                smallconst                     001000  000008  001008       800       0  SMALLCON
                intcode_body                   001008  000E38  001E40       804       0  CODE    


UNUSED ADDRESS RANGES

        Name                Unused          Largest block    Delta
        BANK0            0000E6-0000FF               1A
        BANK1            000100-0001FF              100
        BANK10           000A00-000AFF              100
        BANK11           000B00-000BFF              100
        BANK12           000C00-000CFF              100
        BANK13           000D00-000DFF              100
        BANK14           000E00-000EFF              100
        BANK15           000F00-000F7F               80
        BANK2            000200-0002FF              100
        BANK3            000300-0003FF              100
        BANK4            000400-0004FF              100
        BANK5            000500-0005FF              100
        BANK6            000600-0006FF              100
        BANK7            000700-0007FF              100
        BANK8            000800-0008FF              100
        BANK9            000900-0009FF              100
        BIGRAM           000074-00007F                C
                         0000E6-000F7F              E9A
        BIGSFR           000F80-000FFF               80
        CODE             000004-000007                4
                         000012-000FFF              FEE
                         001E40-00FFFF             E1C0
        COMRAM           000074-00007F                C
        CONST            000004-000007                4
                         000012-000FFF              FEE
                         001E40-00FFFF             E1C0
        EEDATA           F00000-F003FF              400
        IDLOC            200000-200007                8
        MEDIUMCONST      001E40-00FFFF             E1C0
        RAM              0000E6-000F7F              100
        SFR              000F80-000FFF               80
        SMALLCONST       001E40-00FFFF              100

                                  Symbol Table

CCP1_Compare_Mode_Set_Value@F3148                bssCOMRAM    000009
CCP1_Compare_Mode_Set_Value@ccp_obj              cstackCOMRAM 00006D
CCP1_Compare_Mode_Set_Value@compare_temp_value   cstackBANK0  0000DB
CCP1_Compare_Mode_Set_Value@compare_value        cstackCOMRAM 00006F
CCP1_Compare_Mode_Set_Value@ret                  cstackBANK0  0000DA
CCP_COMPARE_Init@ccp_obj                         cstackBANK0  0000E2
CCP_COMPARE_Init@ret                             cstackBANK0  0000E5
CCP_Captured_Mode_Read_Value@F3127               bssCOMRAM    00000B
RB4_ISR@source                                   cstackCOMRAM 000061
RB5_ISR@source                                   cstackCOMRAM 000061
RB6_ISR@source                                   cstackCOMRAM 000061
RB7_ISR@source                                   cstackCOMRAM 000061
Relay_Initialize@F3042                           bssCOMRAM    000037
Relay_Turn_OFF@F3052                             bssCOMRAM    000035
Relay_Turn_ON@F3047                              bssCOMRAM    000036
Set_Compare_Mode@ccp_obj                         cstackCOMRAM 000070
Set_Compare_Mode@ret                             cstackCOMRAM 000072
Timer3_Init@ret                                  cstackBANK0  0000DA
Timer3_Init@timer3                               cstackCOMRAM 00006F
Timer3_Mode_Select@timer3                        cstackCOMRAM 00006D
Timer3_Write_Value@ret                           cstackCOMRAM 000065
Timer3_Write_Value@timer3                        cstackCOMRAM 000061
Timer3_Write_Value@value                         cstackCOMRAM 000063
_ADCON0bits                                      (abs)        000FC2
_ADCON1bits                                      (abs)        000FC1
_ADCON2bits                                      (abs)        000FC0
_ADC_ISR                                         text27       001E3C
_ADC_Interrupt_Handular                          bssCOMRAM    000031
_ADRESH                                          (abs)        000FC4
_ADRESL                                          (abs)        000FC3
_CCP1CONbits                                     (abs)        000FBD
_CCP1_Compare_Mode_Set_Value                     text9        001A12
_CCP1_DefualtInterruptHundeler                   text24       001BE8
_CCP1_ISR                                        text23       001D26
_CCP1_Interrupt_Hundeler                         bssCOMRAM    00000F
_CCP2CONbits                                     (abs)        000FBA
_CCP2_ISR                                        text22       001CF8
_CCP2_Interrupt_Hundeler                         bssCOMRAM    00000D
_CCPR1H                                          (abs)        000FBF
_CCPR1L                                          (abs)        000FBE
_CCPR2H                                          (abs)        000FBC
_CCPR2L                                          (abs)        000FBB
_CCP_COMPARE_Init                                text3        001786
_EEADR                                           (abs)        000FA9
_EEADRH                                          (abs)        000FAA
_EECON1bits                                      (abs)        000FA6
_EECON2                                          (abs)        000FA7
_EEDATA                                          (abs)        000FA8
_INT0_ISR                                        text21       001E38
_INT0_Interrupt_Handular                         bssCOMRAM    00002F
_INT1_ISR                                        text20       001E34
_INT1_Interrupt_Handular                         bssCOMRAM    00002D
_INT2_ISR                                        text19       001E30
_INT2_Interrupt_Handular                         bssCOMRAM    00002B
_INTCON2bits                                     (abs)        000FF1
_INTCON3bits                                     (abs)        000FF0
_INTCONbits                                      (abs)        000FF2
_Interrupt_Manager                               intcode      000008
_LATA                                            (abs)        000F89
_LATB                                            (abs)        000F8A
_LATC                                            (abs)        000F8B
_LATD                                            (abs)        000F8C
_LATE                                            (abs)        000F8D
_PIE1bits                                        (abs)        000F9D
_PIE2bits                                        (abs)        000FA0
_PIR1bits                                        (abs)        000F9E
_PIR2bits                                        (abs)        000FA1
_PORTA                                           (abs)        000F80
_PORTB                                           (abs)        000F81
_PORTBbits                                       (abs)        000F81
_PORTC                                           (abs)        000F82
_PORTD                                           (abs)        000F83
_PORTE                                           (abs)        000F84
_PR2                                             (abs)        000FCB
_RB4_Flag                                        dataCOMRAM   00005A
_RB4_ISR                                         text18       001DEA
_RB4_Interrupt_Handular_HIGH                     bssCOMRAM    000029
_RB4_Interrupt_Handular_LOW                      bssCOMRAM    000027
_RB5_Flag                                        dataCOMRAM   000059
_RB5_ISR                                         text17       001DD0
_RB5_Interrupt_Handular_HIGH                     bssCOMRAM    000025
_RB5_Interrupt_Handular_LOW                      bssCOMRAM    000023
_RB6_Flag                                        dataCOMRAM   000058
_RB6_ISR                                         text16       001DB6
_RB6_Interrupt_Handular_HIGH                     bssCOMRAM    000021
_RB6_Interrupt_Handular_LOW                      bssCOMRAM    00001F
_RB7_Flag                                        dataCOMRAM   000057
_RB7_ISR                                         text15       001D9C
_RB7_Interrupt_Handular_HIGH                     bssCOMRAM    00001D
_RB7_Interrupt_Handular_LOW                      bssCOMRAM    00001B
_Set_Compare_Mode                                text7        00138E
_T0CONbits                                       (abs)        000FD5
_T1CONbits                                       (abs)        000FCD
_T2CONbits                                       (abs)        000FCA
_T3CONbits                                       (abs)        000FB1
_TIMER0_ISR                                      text14       001E1C
_TIMER1_ISR                                      text13       001E10
_TIMER2_ISR                                      text12       001E28
_TIMER3_ISR                                      text11       001E04
_TMR0H                                           (abs)        000FD7
_TMR0L                                           (abs)        000FD6
_TMR0_Interrupt_Hundeler                         bssCOMRAM    000019
_TMR1H                                           (abs)        000FCF
_TMR1L                                           (abs)        000FCE
_TMR1_Interrupt_Hundeler                         bssCOMRAM    000015
_TMR2                                            (abs)        000FCC
_TMR2_Interrupt_Hundeler                         bssCOMRAM    000013
_TMR3H                                           (abs)        000FB3
_TMR3L                                           (abs)        000FB2
_TMR3_Interrupt_Hundeler                         bssCOMRAM    000011
_TRISA                                           (abs)        000F92
_TRISB                                           (abs)        000F93
_TRISC                                           (abs)        000F94
_TRISD                                           (abs)        000F95
_TRISE                                           (abs)        000F96
_Timer3_Init                                     text1        001858
_Timer3_Mode_Select                              text2        001994
_Timer3_Write_Value                              text26       001D54
__HRAM                                           (abs)        000000
__H__absolute__                                  __absolute__ 000000
__Habs1                                          abs1         000000
__Hbank0                                         bank0        000000
__Hbank1                                         bank1        000000
__Hbank10                                        bank10       000000
__Hbank11                                        bank11       000000
__Hbank12                                        bank12       000000
__Hbank13                                        bank13       000000
__Hbank14                                        bank14       000000
__Hbank15                                        bank15       000000
__Hbank2                                         bank2        000000
__Hbank3                                         bank3        000000
__Hbank4                                         bank4        000000
__Hbank5                                         bank5        000000
__Hbank6                                         bank6        000000
__Hbank7                                         bank7        000000
__Hbank8                                         bank8        000000
__Hbank9                                         bank9        000000
__Hbigbss                                        bigbss       000000
__Hbigdata                                       bigdata      000000
__Hbigram                                        bigram       000000
__Hbigsfr                                        bigsfr       000000
__Hbss                                           bss          000000
__HbssBANK0                                      bssBANK0     000000
__HbssCOMRAM                                     bssCOMRAM    000000
__Hcinit                                         cinit        000000
__Hclrtext                                       clrtext      000000
__Hcomram                                        comram       000000
__Hconfig                                        config       30000E
__Hconst                                         const        000000
__HcstackBANK0                                   cstackBANK0  000000
__HcstackCOMRAM                                  cstackCOMRAM 000000
__Hdata                                          data         000000
__HdataBANK0                                     dataBANK0    000000
__HdataCOMRAM                                    dataCOMRAM   000000
__Heeprom_data                                   eeprom_data  000000
__Hfarbss                                        farbss       000000
__Hfardata                                       fardata      000000
__Hheap                                          heap         000000
__Hibigdata                                      ibigdata     000000
__Hidata                                         idata        000000
__HidataBANK0                                    idataBANK0   000000
__HidataCOMRAM                                   idataCOMRAM  000000
__Hidloc                                         idloc        000000
__Hifardata                                      ifardata     000000
__Hinit                                          init         000012
__Hintcode                                       intcode      00000E
__Hintcode_body                                  intcode_body 000000
__Hintcodelo                                     intcodelo    00000E
__Hintentry                                      intentry     000000
__Hintret                                        intret       000000
__Hintsave_regs                                  intsave_regs 000000
__Hirdata                                        irdata       000000
__Hmediumconst                                   mediumconst  000000
__HnvFARRAM                                      nvFARRAM     000000
__Hnvbit                                         nvbit        000000
__Hnvrram                                        nvrram       000000
__Hparam                                         rparam       000000
__Hpowerup                                       powerup      00000E
__Hram                                           ram          000000
__Hramtop                                        ramtop       001000
__Hrbit                                          rbit         000000
__Hrbss                                          rbss         000000
__Hrdata                                         rdata        000000
__Hreset_vec                                     reset_vec    000004
__Hrparam                                        rparam       000000
__Hsfr                                           sfr          000000
__Hsmallconst                                    smallconst   001008
__Hspace_0                                       (abs)        001E40
__Hspace_1                                       (abs)        0000E6
__Hspace_2                                       (abs)        000000
__Hspace_4                                       (abs)        60000E
__Hstack                                         stack        000000
__Hstruct                                        struct       000000
__Htemp                                          temp         000074
__Htext                                          text         000000
__Htext0                                         text0        000000
__Htext1                                         text1        000000
__Htext11                                        text11       000000
__Htext12                                        text12       000000
__Htext13                                        text13       000000
__Htext14                                        text14       000000
__Htext15                                        text15       000000
__Htext16                                        text16       000000
__Htext17                                        text17       000000
__Htext18                                        text18       000000
__Htext19                                        text19       000000
__Htext2                                         text2        000000
__Htext20                                        text20       000000
__Htext21                                        text21       000000
__Htext22                                        text22       000000
__Htext23                                        text23       000000
__Htext24                                        text24       000000
__Htext25                                        text25       000000
__Htext26                                        text26       000000
__Htext27                                        text27       000000
__Htext28                                        text28       000000
__Htext3                                         text3        000000
__Htext4                                         text4        000000
__Htext5                                         text5        000000
__Htext6                                         text6        000000
__Htext7                                         text7        000000
__Htext8                                         text8        000000
__Htext9                                         text9        000000
__LRAM                                           (abs)        000001
__L__absolute__                                  __absolute__ 000000
__Labs1                                          abs1         000000
__Lbank0                                         bank0        000000
__Lbank1                                         bank1        000000
__Lbank10                                        bank10       000000
__Lbank11                                        bank11       000000
__Lbank12                                        bank12       000000
__Lbank13                                        bank13       000000
__Lbank14                                        bank14       000000
__Lbank15                                        bank15       000000
__Lbank2                                         bank2        000000
__Lbank3                                         bank3        000000
__Lbank4                                         bank4        000000
__Lbank5                                         bank5        000000
__Lbank6                                         bank6        000000
__Lbank7                                         bank7        000000
__Lbank8                                         bank8        000000
__Lbank9                                         bank9        000000
__Lbigbss                                        bigbss       000000
__Lbigdata                                       bigdata      000000
__Lbigram                                        bigram       000000
__Lbigsfr                                        bigsfr       000000
__Lbss                                           bss          000000
__LbssBANK0                                      bssBANK0     000000
__LbssCOMRAM                                     bssCOMRAM    000000
__Lcinit                                         cinit        000000
__Lclrtext                                       clrtext      000000
__Lcomram                                        comram       000000
__Lconfig                                        config       000000
__Lconst                                         const        000000
__LcstackBANK0                                   cstackBANK0  000000
__LcstackCOMRAM                                  cstackCOMRAM 000000
__Ldata                                          data         000000
__LdataBANK0                                     dataBANK0    000000
__LdataCOMRAM                                    dataCOMRAM   000000
__Leeprom_data                                   eeprom_data  000000
__Lfarbss                                        farbss       000000
__Lfardata                                       fardata      000000
__Lheap                                          heap         000000
__Libigdata                                      ibigdata     000000
__Lidata                                         idata        000000
__LidataBANK0                                    idataBANK0   000000
__LidataCOMRAM                                   idataCOMRAM  000000
__Lidloc                                         idloc        000000
__Lifardata                                      ifardata     000000
__Linit                                          init         00000E
__Lintcode                                       intcode      000008
__Lintcode_body                                  intcode_body 000000
__Lintcodelo                                     intcodelo    00000E
__Lintentry                                      intentry     000000
__Lintret                                        intret       000000
__Lintsave_regs                                  intsave_regs 000000
__Lirdata                                        irdata       000000
__Lmediumconst                                   mediumconst  000000
__LnvFARRAM                                      nvFARRAM     000000
__Lnvbit                                         nvbit        000000
__Lnvrram                                        nvrram       000000
__Lparam                                         rparam       000000
__Lpowerup                                       powerup      00000E
__Lram                                           ram          000000
__Lramtop                                        ramtop       001000
__Lrbit                                          rbit         000000
__Lrbss                                          rbss         000000
__Lrdata                                         rdata        000000
__Lreset_vec                                     reset_vec    000000
__Lrparam                                        rparam       000000
__Lsfr                                           sfr          000000
__Lsmallconst                                    smallconst   001000
__Lspace_0                                       (abs)        000000
__Lspace_1                                       (abs)        000000
__Lspace_2                                       (abs)        000000
__Lspace_4                                       (abs)        000000
__Lstack                                         stack        000000
__Lstruct                                        struct       000000
__Ltemp                                          temp         000073
__Ltext                                          text         000000
__Ltext0                                         text0        000000
__Ltext1                                         text1        000000
__Ltext11                                        text11       000000
__Ltext12                                        text12       000000
__Ltext13                                        text13       000000
__Ltext14                                        text14       000000
__Ltext15                                        text15       000000
__Ltext16                                        text16       000000
__Ltext17                                        text17       000000
__Ltext18                                        text18       000000
__Ltext19                                        text19       000000
__Ltext2                                         text2        000000
__Ltext20                                        text20       000000
__Ltext21                                        text21       000000
__Ltext22                                        text22       000000
__Ltext23                                        text23       000000
__Ltext24                                        text24       000000
__Ltext25                                        text25       000000
__Ltext26                                        text26       000000
__Ltext27                                        text27       000000
__Ltext28                                        text28       000000
__Ltext3                                         text3        000000
__Ltext4                                         text4        000000
__Ltext5                                         text5        000000
__Ltext6                                         text6        000000
__Ltext7                                         text7        000000
__Ltext8                                         text8        000000
__Ltext9                                         text9        000000
__S0                                             (abs)        001E40
__S1                                             (abs)        0000E6
__S4                                             (abs)        000000
__S5                                             (abs)        000000
___heap_hi                                       (abs)        000000
___heap_lo                                       (abs)        000000
___inthi_sp                                      stack        000000
___intlo_sp                                      stack        000000
___param_bank                                    (abs)        000000
___rparam_used                                   (abs)        000001
___sp                                            stack        000000
__accesstop                                      (abs)        000080
__activetblptr                                   (abs)        000003
__end_of_ADC_ISR                                 text27       001E40
__end_of_CCP1_Compare_Mode_Set_Value             text9        001A8E
__end_of_CCP1_DefualtInterruptHundeler           text24       001C52
__end_of_CCP1_ISR                                text23       001D54
__end_of_CCP2_ISR                                text22       001D26
__end_of_CCP_COMPARE_Init                        text3        001858
__end_of_INT0_ISR                                text21       001E3C
__end_of_INT1_ISR                                text20       001E38
__end_of_INT2_ISR                                text19       001E34
__end_of_Interrupt_Manager                       intcode_body 00138E
__end_of_RB4_ISR                                 text18       001E04
__end_of_RB5_ISR                                 text17       001DEA
__end_of_RB6_ISR                                 text16       001DD0
__end_of_RB7_ISR                                 text15       001DB6
__end_of_Set_Compare_Mode                        text7        0014FA
__end_of_TIMER0_ISR                              text14       001E28
__end_of_TIMER1_ISR                              text13       001E1C
__end_of_TIMER2_ISR                              text12       001E30
__end_of_TIMER3_ISR                              text11       001E10
__end_of_Timer3_Init                             text1        001916
__end_of_Timer3_Mode_Select                      text2        001A12
__end_of_Timer3_Write_Value                      text26       001D7E
__end_of__initialization                         cinit        001CAA
__end_of_ccp_capture_mode_timer_select           text8        001BE8
__end_of_gpio_pin_direction_intialize            text6        001644
__end_of_gpio_pin_intialize                      text4        001B7C
__end_of_gpio_pin_write_logic                    text5        001786
__end_of_main                                    text0        001994
__end_ofi2_CCP1_Compare_Mode_Set_Value           text25       001B08
__initialization                                 cinit        001C52
__mediumconst                                    mediumconst  000000
__pbssBANK0                                      bssBANK0     0000C4
__pbssCOMRAM                                     bssCOMRAM    000001
__pcinit                                         cinit        001C52
__pcstackBANK0                                   cstackBANK0  0000DA
__pcstackCOMRAM                                  cstackCOMRAM 000061
__pdataBANK0                                     dataBANK0    000080
__pdataCOMRAM                                    dataCOMRAM   000043
__pidataBANK0                                    idataBANK0   001CB4
__pidataCOMRAM                                   idataCOMRAM  001D7E
__pintcode                                       intcode      000008
__pintcode_body                                  intcode_body 001008
__psmallconst                                    smallconst   001000
__ptext0                                         text0        001916
__ptext1                                         text1        001858
__ptext11                                        text11       001E04
__ptext12                                        text12       001E28
__ptext13                                        text13       001E10
__ptext14                                        text14       001E1C
__ptext15                                        text15       001D9C
__ptext16                                        text16       001DB6
__ptext17                                        text17       001DD0
__ptext18                                        text18       001DEA
__ptext19                                        text19       001E30
__ptext2                                         text2        001994
__ptext20                                        text20       001E34
__ptext21                                        text21       001E38
__ptext22                                        text22       001CF8
__ptext23                                        text23       001D26
__ptext24                                        text24       001BE8
__ptext25                                        text25       001A8E
__ptext26                                        text26       001D54
__ptext27                                        text27       001E3C
__ptext28                                        text28       000000
__ptext3                                         text3        001786
__ptext4                                         text4        001B08
__ptext5                                         text5        001644
__ptext6                                         text6        0014FA
__ptext7                                         text7        00138E
__ptext8                                         text8        001B7C
__ptext9                                         text9        001A12
__ramtop                                         ramtop       001000
__smallconst                                     smallconst   001000
_ccp1_callback_flag                              bssCOMRAM    000033
_ccp_capture_mode_timer_select                   text8        001B7C
_ccp_obj                                         bssBANK0     0000CA
_gpio_pin_direction_intialize                    text6        0014FA
_gpio_pin_intialize                              text4        001B08
_gpio_pin_write_logic                            text5        001644
_keypad_btn_values                               dataBANK0    000080
_lat_registers                                   dataCOMRAM   000043
_lcd_1                                           dataCOMRAM   00005B
_lcd_2                                           dataBANK0    0000BA
_main                                            text0        001916
_port_registers                                  dataBANK0    0000B0
_timer0_preload                                  bssCOMRAM    000017
_timer1_preload                                  bssCOMRAM    000005
_timer2_preloaded                                bssCOMRAM    000034
_timer3                                          bssCOMRAM    00003C
_timer3_preload                                  bssCOMRAM    000001
_tris_registers                                  dataCOMRAM   00004D
btemp                                            temp         000073
ccp_capture_mode_timer_select@ccp_obj            cstackCOMRAM 00006D
end_of_initialization                            cinit        001CAA
gpio_pin_direction_intialize@pin_config          cstackCOMRAM 00006D
gpio_pin_direction_intialize@ret                 cstackCOMRAM 00006F
gpio_pin_intialize@pin_config                    cstackCOMRAM 000071
gpio_pin_intialize@ret                           cstackBANK0  0000E1
gpio_pin_write_logic@logic                       cstackCOMRAM 00006F
gpio_pin_write_logic@pin_config                  cstackCOMRAM 00006D
gpio_pin_write_logic@ret                         cstackCOMRAM 000070
i2CCP1_Compare_Mode_Set_Value@ccp_obj            cstackCOMRAM 000061
i2CCP1_Compare_Mode_Set_Value@compare_temp_value cstackCOMRAM 000067
i2CCP1_Compare_Mode_Set_Value@compare_value      cstackCOMRAM 000063
i2CCP1_Compare_Mode_Set_Value@ret                cstackCOMRAM 000066
i2_CCP1_Compare_Mode_Set_Value                   text25       001A8E
int$flags                                        temp         000073
int_func                                         intcode_body 001008
intlevel0                                        text         000000
intlevel1                                        text         000000
intlevel2                                        text         000000
intlevel3                                        text         000000
isa$std                                          (abs)        000001
isa$xinst                                        (abs)        000000
led_initialize@F3048                             bssCOMRAM    00003B
led_toggle@F3063                                 bssCOMRAM    000038
led_turn_off@F3058                               bssCOMRAM    000039
led_turn_on@F3053                                bssCOMRAM    00003A
stackhi                                          (abs)        000000
stacklo                                          (abs)        000000
start                                            init         00000E
start_initialization                             cinit        001C52
ttemp5                                           temp         000074
ttemp6                                           temp         000077
ttemp7                                           temp         00007B
wtemp8                                           temp         000074


MODULE INFORMATION

Module		Function		Class		Link	Load	Size
MCAL_Layer/interrupt/mcal_external_interrupt.c
		_RB4_ISR       		CODE           	1DEA	0000	26
		_RB5_ISR       		CODE           	1DD0	0000	26
		_RB6_ISR       		CODE           	1DB6	0000	26
		_RB7_ISR       		CODE           	1D9C	0000	26
		_INT0_ISR      		CODE           	1E38	0000	4
		_INT1_ISR      		CODE           	1E34	0000	4
		_INT2_ISR      		CODE           	1E30	0000	4

MCAL_Layer/interrupt/mcal_external_interrupt.c estimated size: 116

MCAL_Layer/Timer/hal_Timer0.c
		_TIMER0_ISR    		CODE           	1E1C	0000	12

MCAL_Layer/Timer/hal_Timer0.c estimated size: 12

MCAL_Layer/CCP1/hal_ccp.c
		_Set_Compare_Mode		CODE           	138E	0000	364
		_ccp_capture_mode_timer_select		CODE           	1B7C	0000	108
		_CCP1_ISR      		CODE           	1D26	0000	46
		_CCP2_ISR      		CODE           	1CF8	0000	46
		_CCP_COMPARE_Init		CODE           	1786	0000	210
		_CCP1_Compare_Mode_Set_Value		CODE           	1A12	0000	124

MCAL_Layer/CCP1/hal_ccp.c estimated size: 898

shared
		i2_CCP1_Compare_Mode_Set_Value		CODE           	1A8E	0000	122
		__initialization		CODE           	1C52	0000	88

shared estimated size: 210

MCAL_Layer/ADC/hal_adc.c
		_ADC_ISR       		CODE           	1E3C	0000	4

MCAL_Layer/ADC/hal_adc.c estimated size: 4

MCAL_Layer/GPIO/hal_gpio.c
		_gpio_pin_write_logic		CODE           	1644	0000	322
		_gpio_pin_intialize		CODE           	1B08	0000	116
		_gpio_pin_direction_intialize		CODE           	14FA	0000	330

MCAL_Layer/GPIO/hal_gpio.c estimated size: 768

application.c
		_main          		CODE           	1916	0000	126
		_CCP1_DefualtInterruptHundeler		CODE           	1BE8	0000	106

application.c estimated size: 232

MCAL_Layer/Timer3/hal_timer3.c
		_Timer3_Init   		CODE           	1858	0000	190
		_Timer3_Write_Value		CODE           	1D54	0000	42
		_Timer3_Mode_Select		CODE           	1994	0000	126
		_TIMER3_ISR    		CODE           	1E04	0000	12

MCAL_Layer/Timer3/hal_timer3.c estimated size: 370

MCAL_Layer/Timer2/hal_timer2.c
		_TIMER2_ISR    		CODE           	1E28	0000	8

MCAL_Layer/Timer2/hal_timer2.c estimated size: 8

MCAL_Layer/Timer1/hal_timer1.c
		_TIMER1_ISR    		CODE           	1E10	0000	12

MCAL_Layer/Timer1/hal_timer1.c estimated size: 12

MCAL_Layer/interrupt/mcal_interrupt_manager.c
		_Interrupt_Manager		CODE           	0008	0000	908

MCAL_Layer/interrupt/mcal_interrupt_manager.c estimated size: 908

